[2026-09-05 15:53:28] [INFO] [Usuário: raphael] - Login realizado com sucesso.
[2026-09-06 17:57:40] [INFO] [Usuário: raphael] - Login realizado com sucesso.
[2026-09-06 17:57:56] [INFO] [Usuário: raphael] - Iniciou consulta para os clientes: ['Mercado Exemplo Ltda'] | Período: 2026-09-01 a 2026-09-06 | Origem: MG - Minas Gerais (Sefaz-MG)
[2026-09-06 17:57:56] [INFO] [Usuário: raphael] - Consulta finalizada com sucesso. Total de 1 notas encontradas.
[2026-09-06 18:02:39] [INFO] [Usuário: raphael] - Login realizado com sucesso.
[2026-09-06 18:05:44] [INFO] [Usuário: raphael] - Login realizado com sucesso.
[2026-09-06 18:07:44] [INFO] [Usuário: raphael] - Login realizado com sucesso.
[2026-09-06 18:12:13] [INFO] [Usuário: raphael] - Iniciou consulta para os clientes: ['Mercado Exemplo Ltda'] | Período: 2026-09-01 a 2026-09-06
[2026-09-06 18:12:13] [INFO] [Usuário: raphael] - Consulta finalizada com sucesso. Total: 1 XMLs salvos.
[2026-09-07 18:11:04] [INFO] [Usuário: raphael] - Login realizado com sucesso.
[2026-09-07 18:11:58] [INFO] [Usuário: raphael] - Iniciou consulta para os clientes: ['Mercado Exemplo Ltda', 'Padaria Silva Ltda'] | Período: 2026-09-01 a 2026-09-07
[2026-09-07 18:11:58] [INFO] [Usuário: raphael] - Consulta finalizada com sucesso. Total: 2 XMLs salvos.
[2026-09-07 20:02:27] [INFO] [Usuário: raphael] - Login realizado com sucesso.
[2026-09-07 20:05:58] [INFO] [Usuário: raphael] - Login realizado com sucesso.
[2026-09-07 21:23:24] [INFO] [Usuário: raphael] - Login realizado com sucesso.
[2026-09-07 21:37:34] [INFO] [Usuário: raphael] - Login realizado com sucesso.
[2026-09-07 21:41:31] [INFO] [Usuário: raphael] - Login realizado com sucesso.
[2026-09-08 17:58:16] [INFO] [Usuário: raphael] - Login realizado com sucesso.
[2026-09-08 18:25:30] [INFO] [Usuário: raphael] - Login realizado com sucesso.
[2026-09-08 18:28:45] [INFO] [Usuário: raphael] - Login realizado com sucesso.
[2026-09-08 18:33:26] [INFO] [Usuário: raphael] - Login realizado com sucesso.
[2026-09-08 18:37:38] [INFO] [Usuário: raphael] - Login realizado com sucesso.
[2026-09-08 18:38:35] [INFO] [Usuário: raphael] - Login realizado com sucesso.
[2026-09-16 17:02:59] [INFO] [Usuário: raphael] - Login realizado com sucesso.
[2026-09-16 17:10:55] [INFO] [raphael] - Login realizado com sucesso.
[2026-09-16 17:13:27] [INFO] [raphael] - Login realizado com sucesso.
[2026-09-16 18:10:51] [INFO] [raphael] - Sincronização manual Sefaz (a partir de 2026-09-16).
